export const snapshot = {};

snapshot[`domToOmml 1`] = `
{
  children: [
    {
      children: [
        {
          tagName: "m:t",
          text: "23x + 9",
          xmlSpace: undefined,
        },
      ],
      rpr: undefined,
      tagName: "m:r",
    },
    {
      e: {
        argpr: undefined,
        children: [
          {
            children: [
              {
                tagName: "m:t",
                text: "x",
                xmlSpace: undefined,
              },
            ],
            rpr: undefined,
            tagName: "m:r",
          },
        ],
      },
      ssuppr: {
        tagName: "m:sSupPr",
      },
      sup: {
        argpr: undefined,
        children: [
          {
            children: [
              {
                tagName: "m:t",
                text: "9999",
                xmlSpace: undefined,
              },
            ],
            rpr: undefined,
            tagName: "m:r",
          },
        ],
      },
      tagName: "m:sSup",
    },
    {
      children: [
        {
          tagName: "m:t",
          text: "= 3",
          xmlSpace: undefined,
        },
      ],
      rpr: undefined,
      tagName: "m:r",
    },
  ],
  tagName: "m:oMath",
}
`;
